br/com/fiap/challenge/interfaces/dto/request/TipoUsuarioUpdateDTO.class
br/com/fiap/challenge/interfaces/mapper/TipoUsuarioMapper.class
br/com/fiap/challenge/interfaces/dto/request/UsuarioUpdateSenhaDTO.class
br/com/fiap/challenge/interfaces/dto/request/RestauranteRequest.class
br/com/fiap/challenge/domain/entities/ItemCardapio.class
br/com/fiap/challenge/application/port/TipoUsuarioRepositoryPort.class
br/com/fiap/challenge/domain/entities/EnderecoBase.class
br/com/fiap/challenge/infrastructure/persistence/adapter/UsuarioRepositoryAdapter.class
br/com/fiap/challenge/infrastructure/persistence/repository/TipoUsuarioJpaRepository.class
br/com/fiap/challenge/interfaces/dto/request/LoginRequestDTO.class
br/com/fiap/challenge/infrastructure/security/SecurityConfig.class
br/com/fiap/challenge/domain/entities/TipoUsuario.class
br/com/fiap/challenge/interfaces/dto/response/RestauranteResponse.class
br/com/fiap/challenge/infrastructure/persistence/adapter/ItemCardapioRepositoryAdapter.class
br/com/fiap/challenge/interfaces/dto/request/EnderecoRequestDTO.class
br/com/fiap/challenge/application/port/ItemCardapioRepositoryPort.class
br/com/fiap/challenge/domain/entities/EnderecoUsuario.class
br/com/fiap/challenge/application/exception/BusinessException.class
br/com/fiap/challenge/domain/entities/EnderecoRestaurante.class
br/com/fiap/challenge/interfaces/dto/request/TipoUsuarioRequestDTO.class
br/com/fiap/challenge/interfaces/mapper/RestauranteMapperImpl.class
br/com/fiap/challenge/domain/entities/Restaurante.class
br/com/fiap/challenge/interfaces/dto/request/ItemCardapioRequest.class
br/com/fiap/challenge/interfaces/controller/AuthController.class
br/com/fiap/challenge/interfaces/controller/handler/ControllerExceptionHandler.class
br/com/fiap/challenge/interfaces/mapper/TipoUsuarioMapperImpl.class
br/com/fiap/challenge/infrastructure/security/JwtService.class
br/com/fiap/challenge/interfaces/mapper/EnderecoMapperImpl.class
br/com/fiap/challenge/application/service/RestauranteService.class
br/com/fiap/challenge/application/port/RestauranteRepositoryPort.class
br/com/fiap/challenge/infrastructure/persistence/repository/UsuarioJpaRepository.class
br/com/fiap/challenge/infrastructure/persistence/repository/EnderecoJpaRepository.class
br/com/fiap/challenge/domain/entities/Usuario.class
br/com/fiap/challenge/infrastructure/config/OpenAPIConfig.class
br/com/fiap/challenge/application/service/AuthService.class
br/com/fiap/challenge/infrastructure/persistence/adapter/RestauranteRepositoryAdapter.class
br/com/fiap/challenge/application/exception/ErrorCode.class
br/com/fiap/challenge/infrastructure/persistence/repository/ItemCardapioJpaRepository.class
br/com/fiap/challenge/interfaces/mapper/ItemCardapioMapperImpl.class
br/com/fiap/challenge/interfaces/mapper/UsuarioMapper.class
br/com/fiap/challenge/infrastructure/persistence/repository/RestauranteJpaRepository.class
br/com/fiap/challenge/ChallengeApplication.class
br/com/fiap/challenge/infrastructure/security/JwtAuthenticationFilter.class
br/com/fiap/challenge/application/service/UsuarioService.class
br/com/fiap/challenge/interfaces/controller/UsuarioController.class
br/com/fiap/challenge/infrastructure/persistence/adapter/TipoUsuarioRepositoryAdapter.class
br/com/fiap/challenge/interfaces/dto/request/ItemCardapioUpdateRequest.class
br/com/fiap/challenge/application/port/UsuarioRepositoryPort.class
br/com/fiap/challenge/interfaces/mapper/ItemCardapioMapper.class
br/com/fiap/challenge/interfaces/mapper/RestauranteMapper.class
br/com/fiap/challenge/infrastructure/persistence/repository/EnderecoRestauranteJpaRepository.class
br/com/fiap/challenge/interfaces/mapper/UsuarioMapperImpl.class
br/com/fiap/challenge/interfaces/dto/response/DonoRestauranteResponse.class
br/com/fiap/challenge/interfaces/dto/response/ItemCardapioResponse.class
br/com/fiap/challenge/interfaces/mapper/EnderecoMapper.class
br/com/fiap/challenge/interfaces/controller/RestauranteController.class
br/com/fiap/challenge/application/service/ItemCardapioService.class
br/com/fiap/challenge/interfaces/dto/request/UsuarioUpdateRequestDTO.class
br/com/fiap/challenge/interfaces/controller/ItemCardapioController.class
br/com/fiap/challenge/interfaces/dto/response/TipoUsuarioResponseDTO.class
br/com/fiap/challenge/interfaces/dto/response/EnderecoResponseDTO.class
br/com/fiap/challenge/application/service/TipoUsuarioService.class
br/com/fiap/challenge/interfaces/dto/request/UsuarioCreateRequestDTO.class
br/com/fiap/challenge/interfaces/dto/request/RestauranteUpdateRequest.class
br/com/fiap/challenge/interfaces/dto/response/TokenResponseDTO.class
br/com/fiap/challenge/interfaces/controller/TipoUsuarioController.class
br/com/fiap/challenge/interfaces/dto/response/UsuarioResponseDTO.class
