br/com/fiap/challenge/interfaces/dto/response/EnderecoResponseDTOTest$StringRepresentationTests.class
br/com/fiap/challenge/domain/entities/TipoUsuarioTest.class
br/com/fiap/challenge/interfaces/controller/RestauranteControllerTest$PutTests.class
br/com/fiap/challenge/interfaces/controller/UsuarioControllerIntegrationTest$PutTests.class
br/com/fiap/challenge/application/service/AuthServiceTest$JwtTokenGenerationTests.class
br/com/fiap/challenge/infrastructure/security/JwtServiceSecurityTest$TokenValidationTests.class
br/com/fiap/challenge/interfaces/controller/RestauranteControllerTest$GetByIdTests.class
br/com/fiap/challenge/interfaces/controller/RestauranteControllerTest$GetAllTests.class
br/com/fiap/challenge/interfaces/dto/response/EnderecoResponseDTOTest$EqualityTests.class
br/com/fiap/challenge/application/service/RestauranteServiceTest.class
br/com/fiap/challenge/interfaces/controller/ItemCardapioControllerIntegrationTest$GetByIdTests.class
br/com/fiap/challenge/interfaces/controller/TipoUsuarioControllerIntegrationTest.class
br/com/fiap/challenge/application/service/ItemCardapioServiceTest$FindTests.class
br/com/fiap/challenge/interfaces/dto/response/DonoRestauranteResponseTest$StringRepresentationTests.class
br/com/fiap/challenge/infrastructure/persistence/adapter/TipoUsuarioRepositoryAdapterTest$FindByDescricaoIgnoreCaseTests.class
br/com/fiap/challenge/interfaces/dto/response/EnderecoResponseDTOTest$EnderecoInformationTests.class
br/com/fiap/challenge/interfaces/controller/handler/ControllerExceptionHandlerTest$MethodArgumentNotValidExceptionHandlerTests.class
br/com/fiap/challenge/infrastructure/persistence/adapter/ItemCardapioRepositoryAdapterTest$FindByIdTests.class
br/com/fiap/challenge/infrastructure/persistence/adapter/TipoUsuarioRepositoryAdapterTest$FindAllTests.class
br/com/fiap/challenge/infrastructure/security/JwtAuthenticationFilterTest$DoFilterInternalTests.class
br/com/fiap/challenge/ChallengeApplicationTests.class
br/com/fiap/challenge/interfaces/controller/handler/ControllerExceptionHandlerTest$BusinessExceptionHandlerTests.class
br/com/fiap/challenge/infrastructure/security/JwtServiceSecurityTest$ConsistencyTests.class
br/com/fiap/challenge/infrastructure/security/JwtServiceTest.class
br/com/fiap/challenge/application/exception/BusinessExceptionTest.class
br/com/fiap/challenge/infrastructure/persistence/adapter/TipoUsuarioRepositoryAdapterTest$FindByIdTests.class
br/com/fiap/challenge/interfaces/controller/RestauranteControllerTest$IntegrationTests.class
br/com/fiap/challenge/application/service/ItemCardapioServiceTest$UpdateTests.class
br/com/fiap/challenge/infrastructure/persistence/adapter/UsuarioRepositoryAdapterTest$FindByEmailTests.class
br/com/fiap/challenge/application/service/TipoUsuarioServiceTest$UpdateTests.class
br/com/fiap/challenge/application/service/UsuarioServiceTest.class
br/com/fiap/challenge/interfaces/controller/UsuarioControllerTest$GetAllTests.class
br/com/fiap/challenge/interfaces/controller/ItemCardapioControllerTest$GetByIdTests.class
br/com/fiap/challenge/interfaces/controller/TipoUsuarioControllerTest$GetAllTests.class
br/com/fiap/challenge/application/service/AuthServiceTest.class
br/com/fiap/challenge/application/service/ItemCardapioServiceTest$DeleteTests.class
br/com/fiap/challenge/infrastructure/security/JwtServiceSecurityTest$EdgeCasesTests.class
br/com/fiap/challenge/interfaces/controller/RestauranteControllerIntegrationTest$DeleteTests.class
br/com/fiap/challenge/interfaces/controller/ItemCardapioControllerTest$GetAllTests.class
br/com/fiap/challenge/interfaces/controller/ItemCardapioControllerTest$PostTests.class
br/com/fiap/challenge/application/service/AuthServiceTest$VerificationTests.class
br/com/fiap/challenge/application/service/AuthServiceTest$LoginTests.class
br/com/fiap/challenge/interfaces/controller/TipoUsuarioControllerIntegrationTest$PostTests.class
br/com/fiap/challenge/application/service/RestauranteServiceTest$UpdateTests.class
br/com/fiap/challenge/infrastructure/security/JwtServiceSecurityTest$TokenGenerationTests.class
br/com/fiap/challenge/domain/entities/ItemCardapioTest.class
br/com/fiap/challenge/interfaces/controller/ItemCardapioControllerTest$PutTests.class
br/com/fiap/challenge/interfaces/controller/RestauranteControllerIntegrationTest$GetByIdTests.class
br/com/fiap/challenge/interfaces/dto/response/EnderecoResponseDTOTest$GetterMethodsTests.class
br/com/fiap/challenge/interfaces/dto/response/EnderecoResponseDTOTest$HashCodeTests.class
br/com/fiap/challenge/interfaces/dto/response/DonoRestauranteResponseTest$DTOBehaviorTests.class
br/com/fiap/challenge/interfaces/controller/RestauranteControllerTest$RequestValidationTests.class
br/com/fiap/challenge/interfaces/controller/handler/ControllerExceptionHandlerTest.class
br/com/fiap/challenge/infrastructure/security/SecurityConfigTest.class
br/com/fiap/challenge/interfaces/controller/TipoUsuarioControllerTest$PostTests.class
br/com/fiap/challenge/infrastructure/persistence/adapter/ItemCardapioRepositoryAdapterTest$SaveTests.class
br/com/fiap/challenge/interfaces/controller/ItemCardapioControllerTest.class
br/com/fiap/challenge/infrastructure/security/JwtServiceSecurityTest$SecurityTests.class
br/com/fiap/challenge/interfaces/controller/UsuarioControllerTest$PutTests.class
br/com/fiap/challenge/application/service/TipoUsuarioServiceTest$FindTests.class
br/com/fiap/challenge/infrastructure/security/JwtServiceSecurityTest$GetLoginTests.class
br/com/fiap/challenge/infrastructure/persistence/adapter/UsuarioRepositoryAdapterTest$SaveTests.class
br/com/fiap/challenge/interfaces/controller/ItemCardapioControllerIntegrationTest$DeleteTests.class
br/com/fiap/challenge/application/service/TipoUsuarioServiceTest.class
br/com/fiap/challenge/interfaces/controller/UsuarioControllerIntegrationTest$DeleteTests.class
br/com/fiap/challenge/infrastructure/persistence/adapter/RestauranteRepositoryAdapterTest$SaveTests.class
br/com/fiap/challenge/interfaces/dto/response/DonoRestauranteResponseTest.class
br/com/fiap/challenge/interfaces/controller/ItemCardapioControllerTest$DeleteTests.class
br/com/fiap/challenge/interfaces/dto/response/EnderecoResponseDTOTest$DTOBehaviorTests.class
br/com/fiap/challenge/interfaces/controller/UsuarioControllerIntegrationTest$GetAllTests.class
br/com/fiap/challenge/application/exception/ErrorCodeTest.class
br/com/fiap/challenge/interfaces/controller/TipoUsuarioControllerTest$PutTests.class
br/com/fiap/challenge/infrastructure/persistence/adapter/ItemCardapioRepositoryAdapterTest$DeleteByIdTests.class
br/com/fiap/challenge/interfaces/controller/RestauranteControllerIntegrationTest.class
br/com/fiap/challenge/interfaces/dto/response/EnderecoResponseDTOTest$ConstructorTests.class
br/com/fiap/challenge/infrastructure/security/JwtServiceSecurityTest.class
br/com/fiap/challenge/infrastructure/persistence/adapter/RestauranteRepositoryAdapterTest.class
br/com/fiap/challenge/infrastructure/persistence/adapter/UsuarioRepositoryAdapterTest$FindAllTests.class
br/com/fiap/challenge/interfaces/dto/response/DonoRestauranteResponseTest$EqualityTests.class
br/com/fiap/challenge/interfaces/dto/response/DonoRestauranteResponseTest$GetterMethodsTests.class
br/com/fiap/challenge/infrastructure/persistence/adapter/RestauranteRepositoryAdapterTest$FindByIdTests.class
br/com/fiap/challenge/application/service/AuthServiceTest$PasswordValidationTests.class
br/com/fiap/challenge/interfaces/controller/TipoUsuarioControllerTest$DeleteTests.class
br/com/fiap/challenge/infrastructure/persistence/adapter/TipoUsuarioRepositoryAdapterTest$SaveTests.class
br/com/fiap/challenge/infrastructure/persistence/adapter/UsuarioRepositoryAdapterTest$FindByIdTests.class
br/com/fiap/challenge/application/service/ItemCardapioServiceTest.class
br/com/fiap/challenge/infrastructure/persistence/adapter/RestauranteRepositoryAdapterTest$FindAllTests.class
br/com/fiap/challenge/application/service/RestauranteServiceTest$FindTests.class
br/com/fiap/challenge/interfaces/controller/RestauranteControllerTest$VerificationTests.class
br/com/fiap/challenge/domain/entities/RestauranteTest.class
br/com/fiap/challenge/interfaces/controller/RestauranteControllerIntegrationTest$PutTests.class
br/com/fiap/challenge/interfaces/controller/UsuarioControllerTest.class
br/com/fiap/challenge/interfaces/controller/ItemCardapioControllerIntegrationTest$PostTests.class
br/com/fiap/challenge/application/service/TipoUsuarioServiceTest$SaveTests.class
br/com/fiap/challenge/interfaces/controller/RestauranteControllerIntegrationTest$GetAllTests.class
br/com/fiap/challenge/infrastructure/security/JwtServiceSecurityTest$GetTypeTests.class
br/com/fiap/challenge/infrastructure/security/JwtAuthenticationFilterTest.class
br/com/fiap/challenge/infrastructure/persistence/adapter/RestauranteRepositoryAdapterTest$DeleteByIdTests.class
br/com/fiap/challenge/interfaces/controller/TipoUsuarioControllerIntegrationTest$DeleteTests.class
br/com/fiap/challenge/support/TestData.class
br/com/fiap/challenge/interfaces/controller/UsuarioControllerTest$PatchSenhaTests.class
br/com/fiap/challenge/interfaces/controller/UsuarioControllerIntegrationTest$GetByIdTests.class
br/com/fiap/challenge/interfaces/controller/RestauranteControllerIntegrationTest$PostTests.class
br/com/fiap/challenge/interfaces/controller/RestauranteControllerTest$UpdateValidationTests.class
br/com/fiap/challenge/interfaces/controller/UsuarioControllerTest$GetByIdTests.class
br/com/fiap/challenge/interfaces/controller/UsuarioControllerIntegrationTest$PostTests.class
br/com/fiap/challenge/interfaces/controller/UsuarioControllerTest$PostTests.class
br/com/fiap/challenge/interfaces/dto/response/EnderecoResponseDTOTest$EdgeCasesTests.class
br/com/fiap/challenge/interfaces/dto/response/DonoRestauranteResponseTest$HashCodeTests.class
br/com/fiap/challenge/infrastructure/security/JwtServiceSecurityTest$ExtractLoginTests.class
br/com/fiap/challenge/interfaces/controller/RestauranteControllerTest$DeleteTests.class
br/com/fiap/challenge/interfaces/dto/response/DonoRestauranteResponseTest$EdgeCasesTests.class
br/com/fiap/challenge/application/service/AuthServiceTest$EdgeCasesTests.class
br/com/fiap/challenge/interfaces/controller/AuthControllerIntegrationTest.class
br/com/fiap/challenge/interfaces/controller/RestauranteControllerTest$PostTests.class
br/com/fiap/challenge/interfaces/controller/ItemCardapioControllerIntegrationTest$PutTests.class
br/com/fiap/challenge/infrastructure/persistence/adapter/TipoUsuarioRepositoryAdapterTest$DeleteByIdTests.class
br/com/fiap/challenge/application/service/TipoUsuarioServiceTest$DeleteTests.class
br/com/fiap/challenge/interfaces/dto/response/EnderecoResponseDTOTest.class
br/com/fiap/challenge/application/service/ItemCardapioServiceTest$SaveTests.class
br/com/fiap/challenge/application/service/RestauranteServiceTest$SaveTests.class
br/com/fiap/challenge/interfaces/controller/ItemCardapioControllerIntegrationTest$GetAllTests.class
br/com/fiap/challenge/application/service/AuthServiceTest$IntegrationTests.class
br/com/fiap/challenge/infrastructure/security/JwtServiceSecurityTest$PerformanceTests.class
br/com/fiap/challenge/infrastructure/config/OpenAPIConfigTest.class
br/com/fiap/challenge/infrastructure/persistence/adapter/UsuarioRepositoryAdapterTest$FindByNomeTests.class
br/com/fiap/challenge/interfaces/controller/TipoUsuarioControllerIntegrationTest$PutTests.class
br/com/fiap/challenge/interfaces/controller/UsuarioControllerIntegrationTest.class
br/com/fiap/challenge/interfaces/controller/handler/ControllerExceptionHandlerTest$HttpMessageNotReadableExceptionHandlerTests.class
br/com/fiap/challenge/interfaces/controller/ItemCardapioControllerIntegrationTest.class
br/com/fiap/challenge/interfaces/controller/TipoUsuarioControllerIntegrationTest$GetAllTests.class
br/com/fiap/challenge/interfaces/controller/AuthControllerIntegrationTest$LoginTests.class
br/com/fiap/challenge/application/service/RestauranteServiceTest$DeleteTests.class
br/com/fiap/challenge/infrastructure/persistence/adapter/RestauranteRepositoryAdapterTest$FindByNomeIgnoreCaseTests.class
br/com/fiap/challenge/interfaces/controller/TipoUsuarioControllerTest.class
br/com/fiap/challenge/infrastructure/persistence/adapter/ItemCardapioRepositoryAdapterTest$FindAllTests.class
br/com/fiap/challenge/infrastructure/persistence/adapter/UsuarioRepositoryAdapterTest$DeleteByIdTests.class
br/com/fiap/challenge/interfaces/dto/response/EnderecoResponseDTOTest$RecordBehaviorTests.class
br/com/fiap/challenge/interfaces/dto/response/DonoRestauranteResponseTest$ConstructorTests.class
br/com/fiap/challenge/interfaces/controller/RestauranteControllerTest.class
br/com/fiap/challenge/infrastructure/persistence/adapter/TipoUsuarioRepositoryAdapterTest.class
br/com/fiap/challenge/infrastructure/persistence/adapter/UsuarioRepositoryAdapterTest.class
br/com/fiap/challenge/interfaces/controller/TipoUsuarioControllerTest$GetByIdTests.class
br/com/fiap/challenge/interfaces/controller/UsuarioControllerTest$DeleteTests.class
br/com/fiap/challenge/interfaces/controller/TipoUsuarioControllerIntegrationTest$GetByIdTests.class
br/com/fiap/challenge/interfaces/dto/response/DonoRestauranteResponseTest$RecordBehaviorTests.class
br/com/fiap/challenge/infrastructure/persistence/adapter/ItemCardapioRepositoryAdapterTest.class
