/Users/evandroxavier/Documents/Projetos/challenge/src/main/java/br/com/fiap/challenge/ChallengeApplication.java
/Users/evandroxavier/Documents/Projetos/challenge/src/main/java/br/com/fiap/challenge/application/exception/BusinessException.java
/Users/evandroxavier/Documents/Projetos/challenge/src/main/java/br/com/fiap/challenge/application/exception/ErrorCode.java
/Users/evandroxavier/Documents/Projetos/challenge/src/main/java/br/com/fiap/challenge/application/port/ItemCardapioRepositoryPort.java
/Users/evandroxavier/Documents/Projetos/challenge/src/main/java/br/com/fiap/challenge/application/port/RestauranteRepositoryPort.java
/Users/evandroxavier/Documents/Projetos/challenge/src/main/java/br/com/fiap/challenge/application/port/TipoUsuarioRepositoryPort.java
/Users/evandroxavier/Documents/Projetos/challenge/src/main/java/br/com/fiap/challenge/application/port/UsuarioRepositoryPort.java
/Users/evandroxavier/Documents/Projetos/challenge/src/main/java/br/com/fiap/challenge/application/service/AuthService.java
/Users/evandroxavier/Documents/Projetos/challenge/src/main/java/br/com/fiap/challenge/application/service/ItemCardapioService.java
/Users/evandroxavier/Documents/Projetos/challenge/src/main/java/br/com/fiap/challenge/application/service/RestauranteService.java
/Users/evandroxavier/Documents/Projetos/challenge/src/main/java/br/com/fiap/challenge/application/service/TipoUsuarioService.java
/Users/evandroxavier/Documents/Projetos/challenge/src/main/java/br/com/fiap/challenge/application/service/UsuarioService.java
/Users/evandroxavier/Documents/Projetos/challenge/src/main/java/br/com/fiap/challenge/domain/entities/EnderecoBase.java
/Users/evandroxavier/Documents/Projetos/challenge/src/main/java/br/com/fiap/challenge/domain/entities/EnderecoRestaurante.java
/Users/evandroxavier/Documents/Projetos/challenge/src/main/java/br/com/fiap/challenge/domain/entities/EnderecoUsuario.java
/Users/evandroxavier/Documents/Projetos/challenge/src/main/java/br/com/fiap/challenge/domain/entities/ItemCardapio.java
/Users/evandroxavier/Documents/Projetos/challenge/src/main/java/br/com/fiap/challenge/domain/entities/Restaurante.java
/Users/evandroxavier/Documents/Projetos/challenge/src/main/java/br/com/fiap/challenge/domain/entities/TipoUsuario.java
/Users/evandroxavier/Documents/Projetos/challenge/src/main/java/br/com/fiap/challenge/domain/entities/Usuario.java
/Users/evandroxavier/Documents/Projetos/challenge/src/main/java/br/com/fiap/challenge/infrastructure/config/OpenAPIConfig.java
/Users/evandroxavier/Documents/Projetos/challenge/src/main/java/br/com/fiap/challenge/infrastructure/persistence/adapter/ItemCardapioRepositoryAdapter.java
/Users/evandroxavier/Documents/Projetos/challenge/src/main/java/br/com/fiap/challenge/infrastructure/persistence/adapter/RestauranteRepositoryAdapter.java
/Users/evandroxavier/Documents/Projetos/challenge/src/main/java/br/com/fiap/challenge/infrastructure/persistence/adapter/TipoUsuarioRepositoryAdapter.java
/Users/evandroxavier/Documents/Projetos/challenge/src/main/java/br/com/fiap/challenge/infrastructure/persistence/adapter/UsuarioRepositoryAdapter.java
/Users/evandroxavier/Documents/Projetos/challenge/src/main/java/br/com/fiap/challenge/infrastructure/persistence/repository/EnderecoJpaRepository.java
/Users/evandroxavier/Documents/Projetos/challenge/src/main/java/br/com/fiap/challenge/infrastructure/persistence/repository/EnderecoRestauranteJpaRepository.java
/Users/evandroxavier/Documents/Projetos/challenge/src/main/java/br/com/fiap/challenge/infrastructure/persistence/repository/ItemCardapioJpaRepository.java
/Users/evandroxavier/Documents/Projetos/challenge/src/main/java/br/com/fiap/challenge/infrastructure/persistence/repository/RestauranteJpaRepository.java
/Users/evandroxavier/Documents/Projetos/challenge/src/main/java/br/com/fiap/challenge/infrastructure/persistence/repository/TipoUsuarioJpaRepository.java
/Users/evandroxavier/Documents/Projetos/challenge/src/main/java/br/com/fiap/challenge/infrastructure/persistence/repository/UsuarioJpaRepository.java
/Users/evandroxavier/Documents/Projetos/challenge/src/main/java/br/com/fiap/challenge/infrastructure/security/JwtAuthenticationFilter.java
/Users/evandroxavier/Documents/Projetos/challenge/src/main/java/br/com/fiap/challenge/infrastructure/security/JwtService.java
/Users/evandroxavier/Documents/Projetos/challenge/src/main/java/br/com/fiap/challenge/infrastructure/security/SecurityConfig.java
/Users/evandroxavier/Documents/Projetos/challenge/src/main/java/br/com/fiap/challenge/interfaces/controller/AuthController.java
/Users/evandroxavier/Documents/Projetos/challenge/src/main/java/br/com/fiap/challenge/interfaces/controller/ItemCardapioController.java
/Users/evandroxavier/Documents/Projetos/challenge/src/main/java/br/com/fiap/challenge/interfaces/controller/RestauranteController.java
/Users/evandroxavier/Documents/Projetos/challenge/src/main/java/br/com/fiap/challenge/interfaces/controller/TipoUsuarioController.java
/Users/evandroxavier/Documents/Projetos/challenge/src/main/java/br/com/fiap/challenge/interfaces/controller/UsuarioController.java
/Users/evandroxavier/Documents/Projetos/challenge/src/main/java/br/com/fiap/challenge/interfaces/controller/handler/ControllerExceptionHandler.java
/Users/evandroxavier/Documents/Projetos/challenge/src/main/java/br/com/fiap/challenge/interfaces/dto/request/EnderecoRequestDTO.java
/Users/evandroxavier/Documents/Projetos/challenge/src/main/java/br/com/fiap/challenge/interfaces/dto/request/ItemCardapioRequest.java
/Users/evandroxavier/Documents/Projetos/challenge/src/main/java/br/com/fiap/challenge/interfaces/dto/request/ItemCardapioUpdateRequest.java
/Users/evandroxavier/Documents/Projetos/challenge/src/main/java/br/com/fiap/challenge/interfaces/dto/request/LoginRequestDTO.java
/Users/evandroxavier/Documents/Projetos/challenge/src/main/java/br/com/fiap/challenge/interfaces/dto/request/RestauranteRequest.java
/Users/evandroxavier/Documents/Projetos/challenge/src/main/java/br/com/fiap/challenge/interfaces/dto/request/RestauranteUpdateRequest.java
/Users/evandroxavier/Documents/Projetos/challenge/src/main/java/br/com/fiap/challenge/interfaces/dto/request/TipoUsuarioRequestDTO.java
/Users/evandroxavier/Documents/Projetos/challenge/src/main/java/br/com/fiap/challenge/interfaces/dto/request/TipoUsuarioUpdateDTO.java
/Users/evandroxavier/Documents/Projetos/challenge/src/main/java/br/com/fiap/challenge/interfaces/dto/request/UsuarioCreateRequestDTO.java
/Users/evandroxavier/Documents/Projetos/challenge/src/main/java/br/com/fiap/challenge/interfaces/dto/request/UsuarioUpdateRequestDTO.java
/Users/evandroxavier/Documents/Projetos/challenge/src/main/java/br/com/fiap/challenge/interfaces/dto/request/UsuarioUpdateSenhaDTO.java
/Users/evandroxavier/Documents/Projetos/challenge/src/main/java/br/com/fiap/challenge/interfaces/dto/response/DonoRestauranteResponse.java
/Users/evandroxavier/Documents/Projetos/challenge/src/main/java/br/com/fiap/challenge/interfaces/dto/response/EnderecoResponseDTO.java
/Users/evandroxavier/Documents/Projetos/challenge/src/main/java/br/com/fiap/challenge/interfaces/dto/response/ItemCardapioResponse.java
/Users/evandroxavier/Documents/Projetos/challenge/src/main/java/br/com/fiap/challenge/interfaces/dto/response/RestauranteResponse.java
/Users/evandroxavier/Documents/Projetos/challenge/src/main/java/br/com/fiap/challenge/interfaces/dto/response/TipoUsuarioResponseDTO.java
/Users/evandroxavier/Documents/Projetos/challenge/src/main/java/br/com/fiap/challenge/interfaces/dto/response/TokenResponseDTO.java
/Users/evandroxavier/Documents/Projetos/challenge/src/main/java/br/com/fiap/challenge/interfaces/dto/response/UsuarioResponseDTO.java
/Users/evandroxavier/Documents/Projetos/challenge/src/main/java/br/com/fiap/challenge/interfaces/mapper/EnderecoMapper.java
/Users/evandroxavier/Documents/Projetos/challenge/src/main/java/br/com/fiap/challenge/interfaces/mapper/ItemCardapioMapper.java
/Users/evandroxavier/Documents/Projetos/challenge/src/main/java/br/com/fiap/challenge/interfaces/mapper/RestauranteMapper.java
/Users/evandroxavier/Documents/Projetos/challenge/src/main/java/br/com/fiap/challenge/interfaces/mapper/TipoUsuarioMapper.java
/Users/evandroxavier/Documents/Projetos/challenge/src/main/java/br/com/fiap/challenge/interfaces/mapper/UsuarioMapper.java
