/Users/evandroxavier/Documents/Projetos/challenge/src/test/java/br/com/fiap/challenge/ChallengeApplicationTests.java
/Users/evandroxavier/Documents/Projetos/challenge/src/test/java/br/com/fiap/challenge/application/exception/BusinessExceptionTest.java
/Users/evandroxavier/Documents/Projetos/challenge/src/test/java/br/com/fiap/challenge/application/exception/ErrorCodeTest.java
/Users/evandroxavier/Documents/Projetos/challenge/src/test/java/br/com/fiap/challenge/application/service/AuthServiceTest.java
/Users/evandroxavier/Documents/Projetos/challenge/src/test/java/br/com/fiap/challenge/application/service/ItemCardapioServiceTest.java
/Users/evandroxavier/Documents/Projetos/challenge/src/test/java/br/com/fiap/challenge/application/service/RestauranteServiceTest.java
/Users/evandroxavier/Documents/Projetos/challenge/src/test/java/br/com/fiap/challenge/application/service/TipoUsuarioServiceTest.java
/Users/evandroxavier/Documents/Projetos/challenge/src/test/java/br/com/fiap/challenge/application/service/UsuarioServiceTest.java
/Users/evandroxavier/Documents/Projetos/challenge/src/test/java/br/com/fiap/challenge/domain/entities/ItemCardapioTest.java
/Users/evandroxavier/Documents/Projetos/challenge/src/test/java/br/com/fiap/challenge/domain/entities/RestauranteTest.java
/Users/evandroxavier/Documents/Projetos/challenge/src/test/java/br/com/fiap/challenge/domain/entities/TipoUsuarioTest.java
/Users/evandroxavier/Documents/Projetos/challenge/src/test/java/br/com/fiap/challenge/infrastructure/config/OpenAPIConfigTest.java
/Users/evandroxavier/Documents/Projetos/challenge/src/test/java/br/com/fiap/challenge/infrastructure/persistence/adapter/ItemCardapioRepositoryAdapterTest.java
/Users/evandroxavier/Documents/Projetos/challenge/src/test/java/br/com/fiap/challenge/infrastructure/persistence/adapter/RestauranteRepositoryAdapterTest.java
/Users/evandroxavier/Documents/Projetos/challenge/src/test/java/br/com/fiap/challenge/infrastructure/persistence/adapter/TipoUsuarioRepositoryAdapterTest.java
/Users/evandroxavier/Documents/Projetos/challenge/src/test/java/br/com/fiap/challenge/infrastructure/persistence/adapter/UsuarioRepositoryAdapterTest.java
/Users/evandroxavier/Documents/Projetos/challenge/src/test/java/br/com/fiap/challenge/infrastructure/security/JwtAuthenticationFilterTest.java
/Users/evandroxavier/Documents/Projetos/challenge/src/test/java/br/com/fiap/challenge/infrastructure/security/JwtServiceSecurityTest.java
/Users/evandroxavier/Documents/Projetos/challenge/src/test/java/br/com/fiap/challenge/infrastructure/security/JwtServiceTest.java
/Users/evandroxavier/Documents/Projetos/challenge/src/test/java/br/com/fiap/challenge/infrastructure/security/SecurityConfigTest.java
/Users/evandroxavier/Documents/Projetos/challenge/src/test/java/br/com/fiap/challenge/interfaces/controller/AuthControllerIntegrationTest.java
/Users/evandroxavier/Documents/Projetos/challenge/src/test/java/br/com/fiap/challenge/interfaces/controller/ItemCardapioControllerIntegrationTest.java
/Users/evandroxavier/Documents/Projetos/challenge/src/test/java/br/com/fiap/challenge/interfaces/controller/ItemCardapioControllerTest.java
/Users/evandroxavier/Documents/Projetos/challenge/src/test/java/br/com/fiap/challenge/interfaces/controller/RestauranteControllerIntegrationTest.java
/Users/evandroxavier/Documents/Projetos/challenge/src/test/java/br/com/fiap/challenge/interfaces/controller/RestauranteControllerTest.java
/Users/evandroxavier/Documents/Projetos/challenge/src/test/java/br/com/fiap/challenge/interfaces/controller/TipoUsuarioControllerIntegrationTest.java
/Users/evandroxavier/Documents/Projetos/challenge/src/test/java/br/com/fiap/challenge/interfaces/controller/TipoUsuarioControllerTest.java
/Users/evandroxavier/Documents/Projetos/challenge/src/test/java/br/com/fiap/challenge/interfaces/controller/UsuarioControllerIntegrationTest.java
/Users/evandroxavier/Documents/Projetos/challenge/src/test/java/br/com/fiap/challenge/interfaces/controller/UsuarioControllerTest.java
/Users/evandroxavier/Documents/Projetos/challenge/src/test/java/br/com/fiap/challenge/interfaces/controller/handler/ControllerExceptionHandlerTest.java
/Users/evandroxavier/Documents/Projetos/challenge/src/test/java/br/com/fiap/challenge/interfaces/dto/response/DonoRestauranteResponseTest.java
/Users/evandroxavier/Documents/Projetos/challenge/src/test/java/br/com/fiap/challenge/interfaces/dto/response/EnderecoResponseDTOTest.java
/Users/evandroxavier/Documents/Projetos/challenge/src/test/java/br/com/fiap/challenge/support/TestData.java
